{
  "scenario_status": "PROVISIONAL_ASSUMPTIONS_NOT_OFFICIAL_FINAL",
  "total_boxes": 80,
  "hard_deadline_boxes": 31,
  "total_trips": 26,
  "multipoint_trips": 3,
  "total_energy_kwh": 71.44096897841617,
  "makespan_s": 8197.648576672873,
  "weighted_soft_lateness_s": 0,
  "late_boxes": 0,
  "min_return_soc": 0.2094894732576289,
  "total_operation_s": 46538.32228004905
}
LOS 15.0 {"time_step_s": 1.0, "los_spacing_m": 15.0, "total_samples": 36351, "uncovered_samples": 0, "coverage": 1.0, "outage_sample_seconds": 0.0, "interruption_count": 0, "longest_outage_sample_seconds": 0, "backhaul": {"S01": true, "S02": true, "S03": true}, "status": "PASS"}
LOS 10.0 {"time_step_s": 1.0, "los_spacing_m": 10.0, "total_samples": 36351, "uncovered_samples": 0, "coverage": 1.0, "outage_sample_seconds": 0.0, "interruption_count": 0, "longest_outage_sample_seconds": 0, "backhaul": {"S01": true, "S02": true, "S03": true}, "status": "PASS"}
LOS 5.0 {"time_step_s": 1.0, "los_spacing_m": 5.0, "total_samples": 36351, "uncovered_samples": 0, "coverage": 1.0, "outage_sample_seconds": 0.0, "interruption_count": 0, "longest_outage_sample_seconds": 0, "backhaul": {"S01": true, "S02": true, "S03": true}, "status": "PASS"}
TIME 0.5 {"time_step_s": 0.5, "los_spacing_m": 10.0, "total_samples": 72690, "uncovered_samples": 1, "coverage": 0.9999862429495117, "outage_sample_seconds": 0.5, "interruption_count": 1, "longest_outage_sample_seconds": 0.5, "backhaul": {"S01": true, "S02": true, "S03": true}, "status": "FAIL"}
TIME 0.25 {"time_step_s": 0.25, "los_spacing_m": 10.0, "total_samples": 145366, "uncovered_samples": 3, "coverage": 0.9999793624368835, "outage_sample_seconds": 0.75, "interruption_count": 1, "longest_outage_sample_seconds": 0.75, "backhaul": {"S01": true, "S02": true, "S03": true}, "status": "FAIL"}
{
  "status": "FAIL",
  "energy_kwh": 4.536233592950051,
  "total_samples": 36351,
  "uncovered_samples": 0,
  "coverage": 1.0
}
